  Determining projects to restore...
  All projects are up-to-date for restore.
  kakia_lime_odyssey_utils -> F:\Lime Odyssey Online\kakia-lime-odyssey-server\kakia_lime_odyssey_utils\bin\Debug\net10.0\kakia_lime_odyssey_utils.dll
  kakia_lime_odyssey_logging -> F:\Lime Odyssey Online\kakia-lime-odyssey-server\kakia_lime_odyssey_logging\bin\Debug\net10.0\kakia_lime_odyssey_logging.dll
  kakia_lime_odyssey_packets -> F:\Lime Odyssey Online\kakia-lime-odyssey-server\kakia_lime_odyssey_packets\bin\Debug\net10.0\kakia_lime_odyssey_packets.dll
  kakia_lime_odyssey_contracts -> F:\Lime Odyssey Online\kakia-lime-odyssey-server\kakia_lime_odyssey_contracts\bin\Debug\net10.0\kakia_lime_odyssey_contracts.dll
  kakia_lime_odyssey_network -> F:\Lime Odyssey Online\kakia-lime-odyssey-server\kakia_lime_odyssey_network\bin\Debug\net10.0\kakia_lime_odyssey_network.dll
F:\Lime Odyssey Online\kakia-lime-odyssey-server\kakia_lime_odyssey_server\Models\XmlLocalization.cs(22,26): warning CS8618: Non-nullable property 'Messages' must contain a non-null value when exiting constructor. Consider adding the 'required' modifier or declaring the property as nullable. [F:\Lime Odyssey Online\kakia-lime-odyssey-server\kakia_lime_odyssey_server\kakia_lime_odyssey_server.csproj]
F:\Lime Odyssey Online\kakia-lime-odyssey-server\kakia_lime_odyssey_server\Models\XmlLocalization.cs(11,16): warning CS8618: Non-nullable property 'Text' must contain a non-null value when exiting constructor. Consider adding the 'required' modifier or declaring the property as nullable. [F:\Lime Odyssey Online\kakia-lime-odyssey-server\kakia_lime_odyssey_server\kakia_lime_odyssey_server.csproj]
F:\Lime Odyssey Online\kakia-lime-odyssey-server\kakia_lime_odyssey_server\Models\XmlLocalization.cs(13,16): warning CS8618: Non-nullable property 'NoteFile' must contain a non-null value when exiting constructor. Consider adding the 'required' modifier or declaring the property as nullable. [F:\Lime Odyssey Online\kakia-lime-odyssey-server\kakia_lime_odyssey_server\kakia_lime_odyssey_server.csproj]
F:\Lime Odyssey Online\kakia-lime-odyssey-server\kakia_lime_odyssey_server\Models\XmlLocalization.cs(15,16): warning CS8618: Non-nullable property 'NoteField' must contain a non-null value when exiting constructor. Consider adding the 'required' modifier or declaring the property as nullable. [F:\Lime Odyssey Online\kakia-lime-odyssey-server\kakia_lime_odyssey_server\kakia_lime_odyssey_server.csproj]
F:\Lime Odyssey Online\kakia-lime-odyssey-server\kakia_lime_odyssey_server\Network\PlayerClient.cs(157,27): warning CS8600: Converting null literal or possible null value to non-nullable type. [F:\Lime Odyssey Online\kakia-lime-odyssey-server\kakia_lime_odyssey_server\kakia_lime_odyssey_server.csproj]
F:\Lime Odyssey Online\kakia-lime-odyssey-server\kakia_lime_odyssey_server\Models\WorldDataLoader.cs(117,22): error CS0266: Cannot implicitly convert type 'int' to 'uint'. An explicit conversion exists (are you missing a cast?) [F:\Lime Odyssey Online\kakia-lime-odyssey-server\kakia_lime_odyssey_server\kakia_lime_odyssey_server.csproj]
F:\Lime Odyssey Online\kakia-lime-odyssey-server\kakia_lime_odyssey_server\Network\PlayerClient.cs(237,64): error CS1503: Argument 2: cannot convert from 'byte[]' to 'string' [F:\Lime Odyssey Online\kakia-lime-odyssey-server\kakia_lime_odyssey_server\kakia_lime_odyssey_server.csproj]
F:\Lime Odyssey Online\kakia-lime-odyssey-server\kakia_lime_odyssey_server\PacketHandlers\Character\CS_REQUEST_PC_STATUS_Handler.cs(65,14): error CS0029: Cannot implicitly convert type 'kakia_lime_odyssey_packets.Packets.Models.SAVED_LIFE_JOB_STATUS' to 'kakia_lime_odyssey_packets.Packets.Models.LIFE_JOB_STATUS_' [F:\Lime Odyssey Online\kakia-lime-odyssey-server\kakia_lime_odyssey_server\kakia_lime_odyssey_server.csproj]
F:\Lime Odyssey Online\kakia-lime-odyssey-server\kakia_lime_odyssey_server\PacketHandlers\Character\CS_REQUEST_PC_STATUS_Handler.cs(66,16): error CS0029: Cannot implicitly convert type 'kakia_lime_odyssey_packets.Packets.Models.SAVED_COMBAT_JOB_STATUS' to 'kakia_lime_odyssey_packets.Packets.Models.COMBAT_JOB_STATUS_' [F:\Lime Odyssey Online\kakia-lime-odyssey-server\kakia_lime_odyssey_server\kakia_lime_odyssey_server.csproj]
F:\Lime Odyssey Online\kakia-lime-odyssey-server\kakia_lime_odyssey_server\Entities\Monsters\Monster.cs(503,7): warning CS8602: Dereference of a possibly null reference. [F:\Lime Odyssey Online\kakia-lime-odyssey-server\kakia_lime_odyssey_server\kakia_lime_odyssey_server.csproj]
F:\Lime Odyssey Online\kakia-lime-odyssey-server\kakia_lime_odyssey_server\PacketHandlers\Authentication\CS_DELETE_PC_Handler.cs(43,26): error CS0029: Cannot implicitly convert type 'byte[]' to 'string' [F:\Lime Odyssey Online\kakia-lime-odyssey-server\kakia_lime_odyssey_server\kakia_lime_odyssey_server.csproj]
F:\Lime Odyssey Online\kakia-lime-odyssey-server\kakia_lime_odyssey_server\Network\PlayerClient.cs(638,16): error CS0029: Cannot implicitly convert type 'string' to 'byte[]' [F:\Lime Odyssey Online\kakia-lime-odyssey-server\kakia_lime_odyssey_server\kakia_lime_odyssey_server.csproj]
F:\Lime Odyssey Online\kakia-lime-odyssey-server\kakia_lime_odyssey_server\PacketHandlers\Authentication\CS_RETURN_LOBBY_Handler.cs(35,5): error CS0023: Operator '.' cannot be applied to operand of type 'void' [F:\Lime Odyssey Online\kakia-lime-odyssey-server\kakia_lime_odyssey_server\kakia_lime_odyssey_server.csproj]
F:\Lime Odyssey Online\kakia-lime-odyssey-server\kakia_lime_odyssey_server\PacketHandlers\Social\CS_SAY_PC_Handler.cs(189,13): error CS0234: The type or namespace name 'Text' does not exist in the namespace 'kakia_lime_odyssey_server.PacketHandlers.System' (are you missing an assembly reference?) [F:\Lime Odyssey Online\kakia-lime-odyssey-server\kakia_lime_odyssey_server\kakia_lime_odyssey_server.csproj]
F:\Lime Odyssey Online\kakia-lime-odyssey-server\kakia_lime_odyssey_server\Services\Chatroom\ChatroomService.cs(347,25): error CS1061: 'PlayerClient' does not contain a definition for 'GetAccount' and no accessible extension method 'GetAccount' accepting a first argument of type 'PlayerClient' could be found (are you missing a using directive or an assembly reference?) [F:\Lime Odyssey Online\kakia-lime-odyssey-server\kakia_lime_odyssey_server\kakia_lime_odyssey_server.csproj]
F:\Lime Odyssey Online\kakia-lime-odyssey-server\kakia_lime_odyssey_server\PacketHandlers\Authentication\CS_LOGIN_Handler.cs(53,48): error CS1503: Argument 2: cannot convert from 'byte[]' to 'string' [F:\Lime Odyssey Online\kakia-lime-odyssey-server\kakia_lime_odyssey_server\kakia_lime_odyssey_server.csproj]
F:\Lime Odyssey Online\kakia-lime-odyssey-server\kakia_lime_odyssey_server\Services\Combat\BuffService.cs(59,8): warning CS0219: The variable 'replacedExisting' is assigned but its value is never used [F:\Lime Odyssey Online\kakia-lime-odyssey-server\kakia_lime_odyssey_server\kakia_lime_odyssey_server.csproj]
F:\Lime Odyssey Online\kakia-lime-odyssey-server\kakia_lime_odyssey_server\PacketHandlers\Combat\CS_USE_SKILL_SELF_Handler.cs(139,26): error CS0136: A local or parameter named 'entity' cannot be declared in this scope because that name is used in an enclosing local scope to define a local or parameter [F:\Lime Odyssey Online\kakia-lime-odyssey-server\kakia_lime_odyssey_server\kakia_lime_odyssey_server.csproj]
F:\Lime Odyssey Online\kakia-lime-odyssey-server\kakia_lime_odyssey_server\PacketHandlers\Combat\CS_USE_SKILL_POS_Handler.cs(65,5): error CS0117: 'SC_START_CASTING_SKILL_POS' does not contain a definition for 'toPos' [F:\Lime Odyssey Online\kakia-lime-odyssey-server\kakia_lime_odyssey_server\kakia_lime_odyssey_server.csproj]
F:\Lime Odyssey Online\kakia-lime-odyssey-server\kakia_lime_odyssey_server\Services\Combat\BuffService.cs(319,13): error CS1503: Argument 1: cannot convert from 'kakia_lime_odyssey_packets.Packets.Models.DEF' to 'kakia_lime_odyssey_packets.PacketHeader' [F:\Lime Odyssey Online\kakia-lime-odyssey-server\kakia_lime_odyssey_server\kakia_lime_odyssey_server.csproj]
F:\Lime Odyssey Online\kakia-lime-odyssey-server\kakia_lime_odyssey_server\PacketHandlers\Combat\CS_USE_SKILL_OBJ_Handler.cs(122,16): error CS0104: 'DamageHandler' is an ambiguous reference between 'kakia_lime_odyssey_server.Combat.DamageHandler' and 'kakia_lime_odyssey_server.Models.DamageHandler' [F:\Lime Odyssey Online\kakia-lime-odyssey-server\kakia_lime_odyssey_server\kakia_lime_odyssey_server.csproj]
F:\Lime Odyssey Online\kakia-lime-odyssey-server\kakia_lime_odyssey_server\PacketHandlers\Post\CS_REQUEST_DELETE_POST_Handler.cs(24,41): error CS1503: Argument 1: cannot convert from 'long' to 'kakia_lime_odyssey_server.Network.PlayerClient' [F:\Lime Odyssey Online\kakia-lime-odyssey-server\kakia_lime_odyssey_server\kakia_lime_odyssey_server.csproj]
F:\Lime Odyssey Online\kakia-lime-odyssey-server\kakia_lime_odyssey_server\Services\Quest\QuestService.cs(207,48): error CS1503: Argument 1: cannot convert from 'System.Collections.Generic.HashSet<int>' to 'System.Collections.Generic.List<int>' [F:\Lime Odyssey Online\kakia-lime-odyssey-server\kakia_lime_odyssey_server\kakia_lime_odyssey_server.csproj]
F:\Lime Odyssey Online\kakia-lime-odyssey-server\kakia_lime_odyssey_server\Services\Quest\QuestService.cs(208,47): error CS1503: Argument 1: cannot convert from 'System.Collections.Generic.HashSet<int>' to 'System.Collections.Generic.List<int>' [F:\Lime Odyssey Online\kakia-lime-odyssey-server\kakia_lime_odyssey_server\kakia_lime_odyssey_server.csproj]
F:\Lime Odyssey Online\kakia-lime-odyssey-server\kakia_lime_odyssey_server\Services\Quest\QuestService.cs(209,50): error CS1503: Argument 1: cannot convert from 'System.Collections.Generic.HashSet<int>' to 'System.Collections.Generic.List<int>' [F:\Lime Odyssey Online\kakia-lime-odyssey-server\kakia_lime_odyssey_server\kakia_lime_odyssey_server.csproj]
F:\Lime Odyssey Online\kakia-lime-odyssey-server\kakia_lime_odyssey_server\PacketHandlers\Party\CS_PARTY_SAY_PC_Handler.cs(26,26): error CS0103: The name 'pr' does not exist in the current context [F:\Lime Odyssey Online\kakia-lime-odyssey-server\kakia_lime_odyssey_server\kakia_lime_odyssey_server.csproj]
F:\Lime Odyssey Online\kakia-lime-odyssey-server\kakia_lime_odyssey_server\PacketHandlers\Combat\CS_USE_SKILL_ACTION_TARGET_Handler.cs(112,16): error CS0104: 'DamageHandler' is an ambiguous reference between 'kakia_lime_odyssey_server.Combat.DamageHandler' and 'kakia_lime_odyssey_server.Models.DamageHandler' [F:\Lime Odyssey Online\kakia-lime-odyssey-server\kakia_lime_odyssey_server\kakia_lime_odyssey_server.csproj]
F:\Lime Odyssey Online\kakia-lime-odyssey-server\kakia_lime_odyssey_server\PacketHandlers\CS_LOGIN_Handler.cs(32,52): error CS1503: Argument 2: cannot convert from 'byte[]' to 'string' [F:\Lime Odyssey Online\kakia-lime-odyssey-server\kakia_lime_odyssey_server\kakia_lime_odyssey_server.csproj]
F:\Lime Odyssey Online\kakia-lime-odyssey-server\kakia_lime_odyssey_server\Models\FileHandler\Terrain\FullTerrain.cs(53,17): warning CS8602: Dereference of a possibly null reference. [F:\Lime Odyssey Online\kakia-lime-odyssey-server\kakia_lime_odyssey_server\kakia_lime_odyssey_server.csproj]
F:\Lime Odyssey Online\kakia-lime-odyssey-server\kakia_lime_odyssey_server\Models\FileHandler\MapData.cs(53,17): warning CS8602: Dereference of a possibly null reference. [F:\Lime Odyssey Online\kakia-lime-odyssey-server\kakia_lime_odyssey_server\kakia_lime_odyssey_server.csproj]
F:\Lime Odyssey Online\kakia-lime-odyssey-server\kakia_lime_odyssey_server\Services\Post\PostService.cs(277,20): error CS0246: The type or namespace name 'PACKET_SC_POST' could not be found (are you missing a using directive or an assembly reference?) [F:\Lime Odyssey Online\kakia-lime-odyssey-server\kakia_lime_odyssey_server\kakia_lime_odyssey_server.csproj]
F:\Lime Odyssey Online\kakia-lime-odyssey-server\kakia_lime_odyssey_server\Services\Post\PostService.cs(297,15): error CS0266: Cannot implicitly convert type 'uint' to 'int'. An explicit conversion exists (are you missing a cast?) [F:\Lime Odyssey Online\kakia-lime-odyssey-server\kakia_lime_odyssey_server\kakia_lime_odyssey_server.csproj]
F:\Lime Odyssey Online\kakia-lime-odyssey-server\kakia_lime_odyssey_server\PacketHandlers\CS_SAY_PC_Handler.cs(167,3): error CS0118: 'NPC' is a namespace but is used like a type [F:\Lime Odyssey Online\kakia-lime-odyssey-server\kakia_lime_odyssey_server\kakia_lime_odyssey_server.csproj]
F:\Lime Odyssey Online\kakia-lime-odyssey-server\kakia_lime_odyssey_server\PacketHandlers\CS_SAY_PC_Handler.cs(226,22): error CS1503: Argument 1: cannot convert from 'kakia_lime_odyssey_server.Models.MonsterLogic.Monster' to 'kakia_lime_odyssey_contracts.Interfaces.INpc' [F:\Lime Odyssey Online\kakia-lime-odyssey-server\kakia_lime_odyssey_server\kakia_lime_odyssey_server.csproj]
F:\Lime Odyssey Online\kakia-lime-odyssey-server\kakia_lime_odyssey_server\PacketHandlers\CS_SELECT_TARGET_REQUEST_START_LOOTING_Handler.cs(25,14): warning CS8602: Dereference of a possibly null reference. [F:\Lime Odyssey Online\kakia-lime-odyssey-server\kakia_lime_odyssey_server\kakia_lime_odyssey_server.csproj]
F:\Lime Odyssey Online\kakia-lime-odyssey-server\kakia_lime_odyssey_server\Services\Guild\GuildService.cs(894,13): error CS1503: Argument 1: cannot convert from 'kakia_lime_odyssey_packets.Packets.Models.GUILD_MEMBER' to 'kakia_lime_odyssey_packets.PacketHeader' [F:\Lime Odyssey Online\kakia-lime-odyssey-server\kakia_lime_odyssey_server\kakia_lime_odyssey_server.csproj]
F:\Lime Odyssey Online\kakia-lime-odyssey-server\kakia_lime_odyssey_server\PacketHandlers\Guild\CS_GUILD_SAY_PC_Handler.cs(26,26): error CS0103: The name 'pr' does not exist in the current context [F:\Lime Odyssey Online\kakia-lime-odyssey-server\kakia_lime_odyssey_server\kakia_lime_odyssey_server.csproj]
F:\Lime Odyssey Online\kakia-lime-odyssey-server\kakia_lime_odyssey_server\PacketHandlers\CS_USE_SKILL_ACTION_TARGET_Handler.cs(119,18): warning CS8602: Dereference of a possibly null reference. [F:\Lime Odyssey Online\kakia-lime-odyssey-server\kakia_lime_odyssey_server\kakia_lime_odyssey_server.csproj]
F:\Lime Odyssey Online\kakia-lime-odyssey-server\kakia_lime_odyssey_server\PacketHandlers\Inventory\CS_SLOT_ITEM_INFO_Handler.cs(28,79): error CS1061: 'ITEM_SLOT' does not contain a definition for 'slotType' and no accessible extension method 'slotType' accepting a first argument of type 'ITEM_SLOT' could be found (are you missing a using directive or an assembly reference?) [F:\Lime Odyssey Online\kakia-lime-odyssey-server\kakia_lime_odyssey_server\kakia_lime_odyssey_server.csproj]
F:\Lime Odyssey Online\kakia-lime-odyssey-server\kakia_lime_odyssey_server\PacketHandlers\Inventory\CS_SLOT_ITEM_INFO_Handler.cs(28,108): error CS1061: 'ITEM_SLOT' does not contain a definition for 'slotIdx' and no accessible extension method 'slotIdx' accepting a first argument of type 'ITEM_SLOT' could be found (are you missing a using directive or an assembly reference?) [F:\Lime Odyssey Online\kakia-lime-odyssey-server\kakia_lime_odyssey_server\kakia_lime_odyssey_server.csproj]
F:\Lime Odyssey Online\kakia-lime-odyssey-server\kakia_lime_odyssey_server\PacketHandlers\Inventory\CS_SLOT_ITEM_INFO_Handler.cs(30,58): error CS1061: 'ITEM_SLOT' does not contain a definition for 'slotType' and no accessible extension method 'slotType' accepting a first argument of type 'ITEM_SLOT' could be found (are you missing a using directive or an assembly reference?) [F:\Lime Odyssey Online\kakia-lime-odyssey-server\kakia_lime_odyssey_server\kakia_lime_odyssey_server.csproj]
F:\Lime Odyssey Online\kakia-lime-odyssey-server\kakia_lime_odyssey_server\PacketHandlers\Inventory\CS_SLOT_ITEM_INFO_Handler.cs(30,80): error CS1061: 'ITEM_SLOT' does not contain a definition for 'slotIdx' and no accessible extension method 'slotIdx' accepting a first argument of type 'ITEM_SLOT' could be found (are you missing a using directive or an assembly reference?) [F:\Lime Odyssey Online\kakia-lime-odyssey-server\kakia_lime_odyssey_server\kakia_lime_odyssey_server.csproj]
F:\Lime Odyssey Online\kakia-lime-odyssey-server\kakia_lime_odyssey_server\PacketHandlers\Inventory\CS_EQUIP_ITEM_INFO_Handler.cs(40,24): error CS1501: No overload for method 'GetEquipped' takes 1 arguments [F:\Lime Odyssey Online\kakia-lime-odyssey-server\kakia_lime_odyssey_server\kakia_lime_odyssey_server.csproj]
F:\Lime Odyssey Online\kakia-lime-odyssey-server\kakia_lime_odyssey_server\PacketHandlers\Inventory\CS_ITEM_REPAIR_REQUEST_Handler.cs(41,21): error CS1501: No overload for method 'GetEquipped' takes 1 arguments [F:\Lime Odyssey Online\kakia-lime-odyssey-server\kakia_lime_odyssey_server\kakia_lime_odyssey_server.csproj]
F:\Lime Odyssey Online\kakia-lime-odyssey-server\kakia_lime_odyssey_server\PacketHandlers\Inventory\CS_ITEM_REPAIR_PRICE_Handler.cs(44,21): error CS1501: No overload for method 'GetEquipped' takes 1 arguments [F:\Lime Odyssey Online\kakia-lime-odyssey-server\kakia_lime_odyssey_server\kakia_lime_odyssey_server.csproj]
F:\Lime Odyssey Online\kakia-lime-odyssey-server\kakia_lime_odyssey_server\Services\Party\PartyService.cs(705,13): error CS1503: Argument 1: cannot convert from 'kakia_lime_odyssey_packets.Packets.Models.PARTY_MEMBER' to 'kakia_lime_odyssey_packets.PacketHeader' [F:\Lime Odyssey Online\kakia-lime-odyssey-server\kakia_lime_odyssey_server\kakia_lime_odyssey_server.csproj]
F:\Lime Odyssey Online\kakia-lime-odyssey-server\kakia_lime_odyssey_server\Models\MonsterLogic\Monster.cs(60,9): warning CS8618: Non-nullable property 'Loot' must contain a non-null value when exiting constructor. Consider adding the 'required' modifier or declaring the property as nullable. [F:\Lime Odyssey Online\kakia-lime-odyssey-server\kakia_lime_odyssey_server\kakia_lime_odyssey_server.csproj]
F:\Lime Odyssey Online\kakia-lime-odyssey-server\kakia_lime_odyssey_server\Services\Party\PartyService.cs(851,4): error CS0117: 'SC_PARTY_MEMBER_LOOTED_ITEM' does not contain a definition for 'typeID' [F:\Lime Odyssey Online\kakia-lime-odyssey-server\kakia_lime_odyssey_server\kakia_lime_odyssey_server.csproj]
F:\Lime Odyssey Online\kakia-lime-odyssey-server\kakia_lime_odyssey_server\Services\Party\PartyService.cs(874,4): error CS0117: 'SC_PARTY_MEMBER_DEL_DEF' does not contain a definition for 'defInstID' [F:\Lime Odyssey Online\kakia-lime-odyssey-server\kakia_lime_odyssey_server\kakia_lime_odyssey_server.csproj]
F:\Lime Odyssey Online\kakia-lime-odyssey-server\kakia_lime_odyssey_server\Models\MonsterLogic\Monster.cs(380,3): warning CS0162: Unreachable code detected [F:\Lime Odyssey Online\kakia-lime-odyssey-server\kakia_lime_odyssey_server\kakia_lime_odyssey_server.csproj]
F:\Lime Odyssey Online\kakia-lime-odyssey-server\kakia_lime_odyssey_server\Models\MonsterXML\XmlMonster.cs(224,15): warning CS8618: Non-nullable property 'Model' must contain a non-null value when exiting constructor. Consider adding the 'required' modifier or declaring the property as nullable. [F:\Lime Odyssey Online\kakia-lime-odyssey-server\kakia_lime_odyssey_server\kakia_lime_odyssey_server.csproj]
F:\Lime Odyssey Online\kakia-lime-odyssey-server\kakia_lime_odyssey_server\Models\MonsterLogic\Monster.cs(480,16): error CS0266: Cannot implicitly convert type 'ulong' to 'int'. An explicit conversion exists (are you missing a cast?) [F:\Lime Odyssey Online\kakia-lime-odyssey-server\kakia_lime_odyssey_server\kakia_lime_odyssey_server.csproj]
F:\Lime Odyssey Online\kakia-lime-odyssey-server\kakia_lime_odyssey_server\Models\FileHandler\Terrain\FullTerrain.cs(164,7): warning CA1416: This call site is reachable on all platforms. 'Bitmap.SetPixel(int, int, Color)' is only supported on: 'windows' 6.1 and later. (https://learn.microsoft.com/dotnet/fundamentals/code-analysis/quality-rules/ca1416) [F:\Lime Odyssey Online\kakia-lime-odyssey-server\kakia_lime_odyssey_server\kakia_lime_odyssey_server.csproj]
F:\Lime Odyssey Online\kakia-lime-odyssey-server\kakia_lime_odyssey_server\Models\FileHandler\Terrain\FullTerrain.cs(131,20): warning CA1416: This call site is reachable on all platforms. 'Bitmap' is only supported on: 'windows' 6.1 and later. (https://learn.microsoft.com/dotnet/fundamentals/code-analysis/quality-rules/ca1416) [F:\Lime Odyssey Online\kakia-lime-odyssey-server\kakia_lime_odyssey_server\kakia_lime_odyssey_server.csproj]
F:\Lime Odyssey Online\kakia-lime-odyssey-server\kakia_lime_odyssey_server\Models\FileHandler\Terrain\FullTerrain.cs(223,25): warning CA1416: This call site is reachable on all platforms. 'ImageFormat.Png' is only supported on: 'windows' 6.1 and later. (https://learn.microsoft.com/dotnet/fundamentals/code-analysis/quality-rules/ca1416) [F:\Lime Odyssey Online\kakia-lime-odyssey-server\kakia_lime_odyssey_server\kakia_lime_odyssey_server.csproj]
F:\Lime Odyssey Online\kakia-lime-odyssey-server\kakia_lime_odyssey_server\Models\FileHandler\Terrain\FullTerrain.cs(153,7): warning CA1416: This call site is reachable on all platforms. 'Bitmap.SetPixel(int, int, Color)' is only supported on: 'windows' 6.1 and later. (https://learn.microsoft.com/dotnet/fundamentals/code-analysis/quality-rules/ca1416) [F:\Lime Odyssey Online\kakia-lime-odyssey-server\kakia_lime_odyssey_server\kakia_lime_odyssey_server.csproj]
F:\Lime Odyssey Online\kakia-lime-odyssey-server\kakia_lime_odyssey_server\Models\FileHandler\Terrain\FullTerrain.cs(215,6): warning CA1416: This call site is reachable on all platforms. 'Bitmap.SetPixel(int, int, Color)' is only supported on: 'windows' 6.1 and later. (https://learn.microsoft.com/dotnet/fundamentals/code-analysis/quality-rules/ca1416) [F:\Lime Odyssey Online\kakia-lime-odyssey-server\kakia_lime_odyssey_server\kakia_lime_odyssey_server.csproj]
F:\Lime Odyssey Online\kakia-lime-odyssey-server\kakia_lime_odyssey_server\Models\FileHandler\Terrain\FullTerrain.cs(131,52): warning CA1416: This call site is reachable on all platforms. 'PixelFormat.Format24bppRgb' is only supported on: 'windows' 6.1 and later. (https://learn.microsoft.com/dotnet/fundamentals/code-analysis/quality-rules/ca1416) [F:\Lime Odyssey Online\kakia-lime-odyssey-server\kakia_lime_odyssey_server\kakia_lime_odyssey_server.csproj]
F:\Lime Odyssey Online\kakia-lime-odyssey-server\kakia_lime_odyssey_server\Models\FileHandler\Terrain\FullTerrain.cs(146,7): warning CA1416: This call site is reachable on all platforms. 'Bitmap.SetPixel(int, int, Color)' is only supported on: 'windows' 6.1 and later. (https://learn.microsoft.com/dotnet/fundamentals/code-analysis/quality-rules/ca1416) [F:\Lime Odyssey Online\kakia-lime-odyssey-server\kakia_lime_odyssey_server\kakia_lime_odyssey_server.csproj]
F:\Lime Odyssey Online\kakia-lime-odyssey-server\kakia_lime_odyssey_server\Models\FileHandler\Terrain\FullTerrain.cs(223,4): warning CA1416: This call site is reachable on all platforms. 'Image.Save(string, ImageFormat)' is only supported on: 'windows' 6.1 and later. (https://learn.microsoft.com/dotnet/fundamentals/code-analysis/quality-rules/ca1416) [F:\Lime Odyssey Online\kakia-lime-odyssey-server\kakia_lime_odyssey_server\kakia_lime_odyssey_server.csproj]
F:\Lime Odyssey Online\kakia-lime-odyssey-server\kakia_lime_odyssey_server\Models\FileHandler\MapData.cs(391,25): warning CA1416: This call site is reachable on all platforms. 'ImageFormat.Png' is only supported on: 'windows' 6.1 and later. (https://learn.microsoft.com/dotnet/fundamentals/code-analysis/quality-rules/ca1416) [F:\Lime Odyssey Online\kakia-lime-odyssey-server\kakia_lime_odyssey_server\kakia_lime_odyssey_server.csproj]
F:\Lime Odyssey Online\kakia-lime-odyssey-server\kakia_lime_odyssey_server\Models\FileHandler\MapData.cs(292,18): warning CA1416: This call site is reachable on all platforms. 'Graphics.FromImage(Image)' is only supported on: 'windows' 6.1 and later. (https://learn.microsoft.com/dotnet/fundamentals/code-analysis/quality-rules/ca1416) [F:\Lime Odyssey Online\kakia-lime-odyssey-server\kakia_lime_odyssey_server\kakia_lime_odyssey_server.csproj]
F:\Lime Odyssey Online\kakia-lime-odyssey-server\kakia_lime_odyssey_server\Models\FileHandler\MapData.cs(352,6): warning CA1416: This call site is reachable on all platforms. 'Graphics.DrawLine(Pen, int, int, int, int)' is only supported on: 'windows' 6.1 and later. (https://learn.microsoft.com/dotnet/fundamentals/code-analysis/quality-rules/ca1416) [F:\Lime Odyssey Online\kakia-lime-odyssey-server\kakia_lime_odyssey_server\kakia_lime_odyssey_server.csproj]
F:\Lime Odyssey Online\kakia-lime-odyssey-server\kakia_lime_odyssey_server\Models\FileHandler\MapData.cs(291,20): warning CA1416: This call site is reachable on all platforms. 'Bitmap' is only supported on: 'windows' 6.1 and later. (https://learn.microsoft.com/dotnet/fundamentals/code-analysis/quality-rules/ca1416) [F:\Lime Odyssey Online\kakia-lime-odyssey-server\kakia_lime_odyssey_server\kakia_lime_odyssey_server.csproj]
F:\Lime Odyssey Online\kakia-lime-odyssey-server\kakia_lime_odyssey_server\Models\FileHandler\MapData.cs(336,7): warning CA1416: This call site is reachable on all platforms. 'Graphics.FillRectangle(Brush, Rectangle)' is only supported on: 'windows' 6.1 and later. (https://learn.microsoft.com/dotnet/fundamentals/code-analysis/quality-rules/ca1416) [F:\Lime Odyssey Online\kakia-lime-odyssey-server\kakia_lime_odyssey_server\kakia_lime_odyssey_server.csproj]
F:\Lime Odyssey Online\kakia-lime-odyssey-server\kakia_lime_odyssey_server\Models\FileHandler\MapData.cs(309,22): warning CA1416: This call site is reachable on all platforms. 'SolidBrush' is only supported on: 'windows' 6.1 and later. (https://learn.microsoft.com/dotnet/fundamentals/code-analysis/quality-rules/ca1416) [F:\Lime Odyssey Online\kakia-lime-odyssey-server\kakia_lime_odyssey_server\kakia_lime_odyssey_server.csproj]
F:\Lime Odyssey Online\kakia-lime-odyssey-server\kakia_lime_odyssey_server\Models\FileHandler\MapData.cs(383,7): warning CA1416: This call site is reachable on all platforms. 'Graphics.FillEllipse(Brush, Rectangle)' is only supported on: 'windows' 6.1 and later. (https://learn.microsoft.com/dotnet/fundamentals/code-analysis/quality-rules/ca1416) [F:\Lime Odyssey Online\kakia-lime-odyssey-server\kakia_lime_odyssey_server\kakia_lime_odyssey_server.csproj]
F:\Lime Odyssey Online\kakia-lime-odyssey-server\kakia_lime_odyssey_server\Models\FileHandler\MapData.cs(293,4): warning CA1416: This call site is reachable on all platforms. 'Graphics.Clear(Color)' is only supported on: 'windows' 6.1 and later. (https://learn.microsoft.com/dotnet/fundamentals/code-analysis/quality-rules/ca1416) [F:\Lime Odyssey Online\kakia-lime-odyssey-server\kakia_lime_odyssey_server\kakia_lime_odyssey_server.csproj]
F:\Lime Odyssey Online\kakia-lime-odyssey-server\kakia_lime_odyssey_server\Models\FileHandler\MapData.cs(291,43): warning CA1416: This call site is reachable on all platforms. 'PixelFormat.Format24bppRgb' is only supported on: 'windows' 6.1 and later. (https://learn.microsoft.com/dotnet/fundamentals/code-analysis/quality-rules/ca1416) [F:\Lime Odyssey Online\kakia-lime-odyssey-server\kakia_lime_odyssey_server\kakia_lime_odyssey_server.csproj]
F:\Lime Odyssey Online\kakia-lime-odyssey-server\kakia_lime_odyssey_server\Models\FileHandler\MapData.cs(335,22): warning CA1416: This call site is reachable on all platforms. 'SolidBrush' is only supported on: 'windows' 6.1 and later. (https://learn.microsoft.com/dotnet/fundamentals/code-analysis/quality-rules/ca1416) [F:\Lime Odyssey Online\kakia-lime-odyssey-server\kakia_lime_odyssey_server\kakia_lime_odyssey_server.csproj]
F:\Lime Odyssey Online\kakia-lime-odyssey-server\kakia_lime_odyssey_server\Models\FileHandler\MapData.cs(391,4): warning CA1416: This call site is reachable on all platforms. 'Image.Save(string, ImageFormat)' is only supported on: 'windows' 6.1 and later. (https://learn.microsoft.com/dotnet/fundamentals/code-analysis/quality-rules/ca1416) [F:\Lime Odyssey Online\kakia-lime-odyssey-server\kakia_lime_odyssey_server\kakia_lime_odyssey_server.csproj]
F:\Lime Odyssey Online\kakia-lime-odyssey-server\kakia_lime_odyssey_server\Models\FileHandler\MapData.cs(347,6): warning CA1416: This call site is reachable on all platforms. 'Graphics.DrawLine(Pen, int, int, int, int)' is only supported on: 'windows' 6.1 and later. (https://learn.microsoft.com/dotnet/fundamentals/code-analysis/quality-rules/ca1416) [F:\Lime Odyssey Online\kakia-lime-odyssey-server\kakia_lime_odyssey_server\kakia_lime_odyssey_server.csproj]
F:\Lime Odyssey Online\kakia-lime-odyssey-server\kakia_lime_odyssey_server\Models\FileHandler\MapData.cs(359,28): warning CA1416: This call site is reachable on all platforms. 'SolidBrush' is only supported on: 'windows' 6.1 and later. (https://learn.microsoft.com/dotnet/fundamentals/code-analysis/quality-rules/ca1416) [F:\Lime Odyssey Online\kakia-lime-odyssey-server\kakia_lime_odyssey_server\kakia_lime_odyssey_server.csproj]
F:\Lime Odyssey Online\kakia-lime-odyssey-server\kakia_lime_odyssey_server\Models\FileHandler\MapData.cs(384,7): warning CA1416: This call site is reachable on all platforms. 'Graphics.DrawEllipse(Pen, Rectangle)' is only supported on: 'windows' 6.1 and later. (https://learn.microsoft.com/dotnet/fundamentals/code-analysis/quality-rules/ca1416) [F:\Lime Odyssey Online\kakia-lime-odyssey-server\kakia_lime_odyssey_server\kakia_lime_odyssey_server.csproj]
F:\Lime Odyssey Online\kakia-lime-odyssey-server\kakia_lime_odyssey_server\Models\FileHandler\MapData.cs(360,26): warning CA1416: This call site is reachable on all platforms. 'Pen' is only supported on: 'windows' 6.1 and later. (https://learn.microsoft.com/dotnet/fundamentals/code-analysis/quality-rules/ca1416) [F:\Lime Odyssey Online\kakia-lime-odyssey-server\kakia_lime_odyssey_server\kakia_lime_odyssey_server.csproj]
F:\Lime Odyssey Online\kakia-lime-odyssey-server\kakia_lime_odyssey_server\Models\FileHandler\MapData.cs(342,21): warning CA1416: This call site is reachable on all platforms. 'Pen' is only supported on: 'windows' 6.1 and later. (https://learn.microsoft.com/dotnet/fundamentals/code-analysis/quality-rules/ca1416) [F:\Lime Odyssey Online\kakia-lime-odyssey-server\kakia_lime_odyssey_server\kakia_lime_odyssey_server.csproj]
F:\Lime Odyssey Online\kakia-lime-odyssey-server\kakia_lime_odyssey_server\Models\FileHandler\MapData.cs(310,7): warning CA1416: This call site is reachable on all platforms. 'Graphics.FillRectangle(Brush, Rectangle)' is only supported on: 'windows' 6.1 and later. (https://learn.microsoft.com/dotnet/fundamentals/code-analysis/quality-rules/ca1416) [F:\Lime Odyssey Online\kakia-lime-odyssey-server\kakia_lime_odyssey_server\kakia_lime_odyssey_server.csproj]

Build FAILED.

F:\Lime Odyssey Online\kakia-lime-odyssey-server\kakia_lime_odyssey_server\Models\XmlLocalization.cs(22,26): warning CS8618: Non-nullable property 'Messages' must contain a non-null value when exiting constructor. Consider adding the 'required' modifier or declaring the property as nullable. [F:\Lime Odyssey Online\kakia-lime-odyssey-server\kakia_lime_odyssey_server\kakia_lime_odyssey_server.csproj]
F:\Lime Odyssey Online\kakia-lime-odyssey-server\kakia_lime_odyssey_server\Models\XmlLocalization.cs(11,16): warning CS8618: Non-nullable property 'Text' must contain a non-null value when exiting constructor. Consider adding the 'required' modifier or declaring the property as nullable. [F:\Lime Odyssey Online\kakia-lime-odyssey-server\kakia_lime_odyssey_server\kakia_lime_odyssey_server.csproj]
F:\Lime Odyssey Online\kakia-lime-odyssey-server\kakia_lime_odyssey_server\Models\XmlLocalization.cs(13,16): warning CS8618: Non-nullable property 'NoteFile' must contain a non-null value when exiting constructor. Consider adding the 'required' modifier or declaring the property as nullable. [F:\Lime Odyssey Online\kakia-lime-odyssey-server\kakia_lime_odyssey_server\kakia_lime_odyssey_server.csproj]
F:\Lime Odyssey Online\kakia-lime-odyssey-server\kakia_lime_odyssey_server\Models\XmlLocalization.cs(15,16): warning CS8618: Non-nullable property 'NoteField' must contain a non-null value when exiting constructor. Consider adding the 'required' modifier or declaring the property as nullable. [F:\Lime Odyssey Online\kakia-lime-odyssey-server\kakia_lime_odyssey_server\kakia_lime_odyssey_server.csproj]
F:\Lime Odyssey Online\kakia-lime-odyssey-server\kakia_lime_odyssey_server\Network\PlayerClient.cs(157,27): warning CS8600: Converting null literal or possible null value to non-nullable type. [F:\Lime Odyssey Online\kakia-lime-odyssey-server\kakia_lime_odyssey_server\kakia_lime_odyssey_server.csproj]
F:\Lime Odyssey Online\kakia-lime-odyssey-server\kakia_lime_odyssey_server\Entities\Monsters\Monster.cs(503,7): warning CS8602: Dereference of a possibly null reference. [F:\Lime Odyssey Online\kakia-lime-odyssey-server\kakia_lime_odyssey_server\kakia_lime_odyssey_server.csproj]
F:\Lime Odyssey Online\kakia-lime-odyssey-server\kakia_lime_odyssey_server\Services\Combat\BuffService.cs(59,8): warning CS0219: The variable 'replacedExisting' is assigned but its value is never used [F:\Lime Odyssey Online\kakia-lime-odyssey-server\kakia_lime_odyssey_server\kakia_lime_odyssey_server.csproj]
F:\Lime Odyssey Online\kakia-lime-odyssey-server\kakia_lime_odyssey_server\Models\FileHandler\Terrain\FullTerrain.cs(53,17): warning CS8602: Dereference of a possibly null reference. [F:\Lime Odyssey Online\kakia-lime-odyssey-server\kakia_lime_odyssey_server\kakia_lime_odyssey_server.csproj]
F:\Lime Odyssey Online\kakia-lime-odyssey-server\kakia_lime_odyssey_server\Models\FileHandler\MapData.cs(53,17): warning CS8602: Dereference of a possibly null reference. [F:\Lime Odyssey Online\kakia-lime-odyssey-server\kakia_lime_odyssey_server\kakia_lime_odyssey_server.csproj]
F:\Lime Odyssey Online\kakia-lime-odyssey-server\kakia_lime_odyssey_server\PacketHandlers\CS_SELECT_TARGET_REQUEST_START_LOOTING_Handler.cs(25,14): warning CS8602: Dereference of a possibly null reference. [F:\Lime Odyssey Online\kakia-lime-odyssey-server\kakia_lime_odyssey_server\kakia_lime_odyssey_server.csproj]
F:\Lime Odyssey Online\kakia-lime-odyssey-server\kakia_lime_odyssey_server\PacketHandlers\CS_USE_SKILL_ACTION_TARGET_Handler.cs(119,18): warning CS8602: Dereference of a possibly null reference. [F:\Lime Odyssey Online\kakia-lime-odyssey-server\kakia_lime_odyssey_server\kakia_lime_odyssey_server.csproj]
F:\Lime Odyssey Online\kakia-lime-odyssey-server\kakia_lime_odyssey_server\Models\MonsterLogic\Monster.cs(60,9): warning CS8618: Non-nullable property 'Loot' must contain a non-null value when exiting constructor. Consider adding the 'required' modifier or declaring the property as nullable. [F:\Lime Odyssey Online\kakia-lime-odyssey-server\kakia_lime_odyssey_server\kakia_lime_odyssey_server.csproj]
F:\Lime Odyssey Online\kakia-lime-odyssey-server\kakia_lime_odyssey_server\Models\MonsterLogic\Monster.cs(380,3): warning CS0162: Unreachable code detected [F:\Lime Odyssey Online\kakia-lime-odyssey-server\kakia_lime_odyssey_server\kakia_lime_odyssey_server.csproj]
F:\Lime Odyssey Online\kakia-lime-odyssey-server\kakia_lime_odyssey_server\Models\MonsterXML\XmlMonster.cs(224,15): warning CS8618: Non-nullable property 'Model' must contain a non-null value when exiting constructor. Consider adding the 'required' modifier or declaring the property as nullable. [F:\Lime Odyssey Online\kakia-lime-odyssey-server\kakia_lime_odyssey_server\kakia_lime_odyssey_server.csproj]
F:\Lime Odyssey Online\kakia-lime-odyssey-server\kakia_lime_odyssey_server\Models\FileHandler\Terrain\FullTerrain.cs(164,7): warning CA1416: This call site is reachable on all platforms. 'Bitmap.SetPixel(int, int, Color)' is only supported on: 'windows' 6.1 and later. (https://learn.microsoft.com/dotnet/fundamentals/code-analysis/quality-rules/ca1416) [F:\Lime Odyssey Online\kakia-lime-odyssey-server\kakia_lime_odyssey_server\kakia_lime_odyssey_server.csproj]
F:\Lime Odyssey Online\kakia-lime-odyssey-server\kakia_lime_odyssey_server\Models\FileHandler\Terrain\FullTerrain.cs(131,20): warning CA1416: This call site is reachable on all platforms. 'Bitmap' is only supported on: 'windows' 6.1 and later. (https://learn.microsoft.com/dotnet/fundamentals/code-analysis/quality-rules/ca1416) [F:\Lime Odyssey Online\kakia-lime-odyssey-server\kakia_lime_odyssey_server\kakia_lime_odyssey_server.csproj]
F:\Lime Odyssey Online\kakia-lime-odyssey-server\kakia_lime_odyssey_server\Models\FileHandler\Terrain\FullTerrain.cs(223,25): warning CA1416: This call site is reachable on all platforms. 'ImageFormat.Png' is only supported on: 'windows' 6.1 and later. (https://learn.microsoft.com/dotnet/fundamentals/code-analysis/quality-rules/ca1416) [F:\Lime Odyssey Online\kakia-lime-odyssey-server\kakia_lime_odyssey_server\kakia_lime_odyssey_server.csproj]
F:\Lime Odyssey Online\kakia-lime-odyssey-server\kakia_lime_odyssey_server\Models\FileHandler\Terrain\FullTerrain.cs(153,7): warning CA1416: This call site is reachable on all platforms. 'Bitmap.SetPixel(int, int, Color)' is only supported on: 'windows' 6.1 and later. (https://learn.microsoft.com/dotnet/fundamentals/code-analysis/quality-rules/ca1416) [F:\Lime Odyssey Online\kakia-lime-odyssey-server\kakia_lime_odyssey_server\kakia_lime_odyssey_server.csproj]
F:\Lime Odyssey Online\kakia-lime-odyssey-server\kakia_lime_odyssey_server\Models\FileHandler\Terrain\FullTerrain.cs(215,6): warning CA1416: This call site is reachable on all platforms. 'Bitmap.SetPixel(int, int, Color)' is only supported on: 'windows' 6.1 and later. (https://learn.microsoft.com/dotnet/fundamentals/code-analysis/quality-rules/ca1416) [F:\Lime Odyssey Online\kakia-lime-odyssey-server\kakia_lime_odyssey_server\kakia_lime_odyssey_server.csproj]
F:\Lime Odyssey Online\kakia-lime-odyssey-server\kakia_lime_odyssey_server\Models\FileHandler\Terrain\FullTerrain.cs(131,52): warning CA1416: This call site is reachable on all platforms. 'PixelFormat.Format24bppRgb' is only supported on: 'windows' 6.1 and later. (https://learn.microsoft.com/dotnet/fundamentals/code-analysis/quality-rules/ca1416) [F:\Lime Odyssey Online\kakia-lime-odyssey-server\kakia_lime_odyssey_server\kakia_lime_odyssey_server.csproj]
F:\Lime Odyssey Online\kakia-lime-odyssey-server\kakia_lime_odyssey_server\Models\FileHandler\Terrain\FullTerrain.cs(146,7): warning CA1416: This call site is reachable on all platforms. 'Bitmap.SetPixel(int, int, Color)' is only supported on: 'windows' 6.1 and later. (https://learn.microsoft.com/dotnet/fundamentals/code-analysis/quality-rules/ca1416) [F:\Lime Odyssey Online\kakia-lime-odyssey-server\kakia_lime_odyssey_server\kakia_lime_odyssey_server.csproj]
F:\Lime Odyssey Online\kakia-lime-odyssey-server\kakia_lime_odyssey_server\Models\FileHandler\Terrain\FullTerrain.cs(223,4): warning CA1416: This call site is reachable on all platforms. 'Image.Save(string, ImageFormat)' is only supported on: 'windows' 6.1 and later. (https://learn.microsoft.com/dotnet/fundamentals/code-analysis/quality-rules/ca1416) [F:\Lime Odyssey Online\kakia-lime-odyssey-server\kakia_lime_odyssey_server\kakia_lime_odyssey_server.csproj]
F:\Lime Odyssey Online\kakia-lime-odyssey-server\kakia_lime_odyssey_server\Models\FileHandler\MapData.cs(391,25): warning CA1416: This call site is reachable on all platforms. 'ImageFormat.Png' is only supported on: 'windows' 6.1 and later. (https://learn.microsoft.com/dotnet/fundamentals/code-analysis/quality-rules/ca1416) [F:\Lime Odyssey Online\kakia-lime-odyssey-server\kakia_lime_odyssey_server\kakia_lime_odyssey_server.csproj]
F:\Lime Odyssey Online\kakia-lime-odyssey-server\kakia_lime_odyssey_server\Models\FileHandler\MapData.cs(292,18): warning CA1416: This call site is reachable on all platforms. 'Graphics.FromImage(Image)' is only supported on: 'windows' 6.1 and later. (https://learn.microsoft.com/dotnet/fundamentals/code-analysis/quality-rules/ca1416) [F:\Lime Odyssey Online\kakia-lime-odyssey-server\kakia_lime_odyssey_server\kakia_lime_odyssey_server.csproj]
F:\Lime Odyssey Online\kakia-lime-odyssey-server\kakia_lime_odyssey_server\Models\FileHandler\MapData.cs(352,6): warning CA1416: This call site is reachable on all platforms. 'Graphics.DrawLine(Pen, int, int, int, int)' is only supported on: 'windows' 6.1 and later. (https://learn.microsoft.com/dotnet/fundamentals/code-analysis/quality-rules/ca1416) [F:\Lime Odyssey Online\kakia-lime-odyssey-server\kakia_lime_odyssey_server\kakia_lime_odyssey_server.csproj]
F:\Lime Odyssey Online\kakia-lime-odyssey-server\kakia_lime_odyssey_server\Models\FileHandler\MapData.cs(291,20): warning CA1416: This call site is reachable on all platforms. 'Bitmap' is only supported on: 'windows' 6.1 and later. (https://learn.microsoft.com/dotnet/fundamentals/code-analysis/quality-rules/ca1416) [F:\Lime Odyssey Online\kakia-lime-odyssey-server\kakia_lime_odyssey_server\kakia_lime_odyssey_server.csproj]
F:\Lime Odyssey Online\kakia-lime-odyssey-server\kakia_lime_odyssey_server\Models\FileHandler\MapData.cs(336,7): warning CA1416: This call site is reachable on all platforms. 'Graphics.FillRectangle(Brush, Rectangle)' is only supported on: 'windows' 6.1 and later. (https://learn.microsoft.com/dotnet/fundamentals/code-analysis/quality-rules/ca1416) [F:\Lime Odyssey Online\kakia-lime-odyssey-server\kakia_lime_odyssey_server\kakia_lime_odyssey_server.csproj]
F:\Lime Odyssey Online\kakia-lime-odyssey-server\kakia_lime_odyssey_server\Models\FileHandler\MapData.cs(309,22): warning CA1416: This call site is reachable on all platforms. 'SolidBrush' is only supported on: 'windows' 6.1 and later. (https://learn.microsoft.com/dotnet/fundamentals/code-analysis/quality-rules/ca1416) [F:\Lime Odyssey Online\kakia-lime-odyssey-server\kakia_lime_odyssey_server\kakia_lime_odyssey_server.csproj]
F:\Lime Odyssey Online\kakia-lime-odyssey-server\kakia_lime_odyssey_server\Models\FileHandler\MapData.cs(383,7): warning CA1416: This call site is reachable on all platforms. 'Graphics.FillEllipse(Brush, Rectangle)' is only supported on: 'windows' 6.1 and later. (https://learn.microsoft.com/dotnet/fundamentals/code-analysis/quality-rules/ca1416) [F:\Lime Odyssey Online\kakia-lime-odyssey-server\kakia_lime_odyssey_server\kakia_lime_odyssey_server.csproj]
F:\Lime Odyssey Online\kakia-lime-odyssey-server\kakia_lime_odyssey_server\Models\FileHandler\MapData.cs(293,4): warning CA1416: This call site is reachable on all platforms. 'Graphics.Clear(Color)' is only supported on: 'windows' 6.1 and later. (https://learn.microsoft.com/dotnet/fundamentals/code-analysis/quality-rules/ca1416) [F:\Lime Odyssey Online\kakia-lime-odyssey-server\kakia_lime_odyssey_server\kakia_lime_odyssey_server.csproj]
F:\Lime Odyssey Online\kakia-lime-odyssey-server\kakia_lime_odyssey_server\Models\FileHandler\MapData.cs(291,43): warning CA1416: This call site is reachable on all platforms. 'PixelFormat.Format24bppRgb' is only supported on: 'windows' 6.1 and later. (https://learn.microsoft.com/dotnet/fundamentals/code-analysis/quality-rules/ca1416) [F:\Lime Odyssey Online\kakia-lime-odyssey-server\kakia_lime_odyssey_server\kakia_lime_odyssey_server.csproj]
F:\Lime Odyssey Online\kakia-lime-odyssey-server\kakia_lime_odyssey_server\Models\FileHandler\MapData.cs(335,22): warning CA1416: This call site is reachable on all platforms. 'SolidBrush' is only supported on: 'windows' 6.1 and later. (https://learn.microsoft.com/dotnet/fundamentals/code-analysis/quality-rules/ca1416) [F:\Lime Odyssey Online\kakia-lime-odyssey-server\kakia_lime_odyssey_server\kakia_lime_odyssey_server.csproj]
F:\Lime Odyssey Online\kakia-lime-odyssey-server\kakia_lime_odyssey_server\Models\FileHandler\MapData.cs(391,4): warning CA1416: This call site is reachable on all platforms. 'Image.Save(string, ImageFormat)' is only supported on: 'windows' 6.1 and later. (https://learn.microsoft.com/dotnet/fundamentals/code-analysis/quality-rules/ca1416) [F:\Lime Odyssey Online\kakia-lime-odyssey-server\kakia_lime_odyssey_server\kakia_lime_odyssey_server.csproj]
F:\Lime Odyssey Online\kakia-lime-odyssey-server\kakia_lime_odyssey_server\Models\FileHandler\MapData.cs(347,6): warning CA1416: This call site is reachable on all platforms. 'Graphics.DrawLine(Pen, int, int, int, int)' is only supported on: 'windows' 6.1 and later. (https://learn.microsoft.com/dotnet/fundamentals/code-analysis/quality-rules/ca1416) [F:\Lime Odyssey Online\kakia-lime-odyssey-server\kakia_lime_odyssey_server\kakia_lime_odyssey_server.csproj]
F:\Lime Odyssey Online\kakia-lime-odyssey-server\kakia_lime_odyssey_server\Models\FileHandler\MapData.cs(359,28): warning CA1416: This call site is reachable on all platforms. 'SolidBrush' is only supported on: 'windows' 6.1 and later. (https://learn.microsoft.com/dotnet/fundamentals/code-analysis/quality-rules/ca1416) [F:\Lime Odyssey Online\kakia-lime-odyssey-server\kakia_lime_odyssey_server\kakia_lime_odyssey_server.csproj]
F:\Lime Odyssey Online\kakia-lime-odyssey-server\kakia_lime_odyssey_server\Models\FileHandler\MapData.cs(384,7): warning CA1416: This call site is reachable on all platforms. 'Graphics.DrawEllipse(Pen, Rectangle)' is only supported on: 'windows' 6.1 and later. (https://learn.microsoft.com/dotnet/fundamentals/code-analysis/quality-rules/ca1416) [F:\Lime Odyssey Online\kakia-lime-odyssey-server\kakia_lime_odyssey_server\kakia_lime_odyssey_server.csproj]
F:\Lime Odyssey Online\kakia-lime-odyssey-server\kakia_lime_odyssey_server\Models\FileHandler\MapData.cs(360,26): warning CA1416: This call site is reachable on all platforms. 'Pen' is only supported on: 'windows' 6.1 and later. (https://learn.microsoft.com/dotnet/fundamentals/code-analysis/quality-rules/ca1416) [F:\Lime Odyssey Online\kakia-lime-odyssey-server\kakia_lime_odyssey_server\kakia_lime_odyssey_server.csproj]
F:\Lime Odyssey Online\kakia-lime-odyssey-server\kakia_lime_odyssey_server\Models\FileHandler\MapData.cs(342,21): warning CA1416: This call site is reachable on all platforms. 'Pen' is only supported on: 'windows' 6.1 and later. (https://learn.microsoft.com/dotnet/fundamentals/code-analysis/quality-rules/ca1416) [F:\Lime Odyssey Online\kakia-lime-odyssey-server\kakia_lime_odyssey_server\kakia_lime_odyssey_server.csproj]
F:\Lime Odyssey Online\kakia-lime-odyssey-server\kakia_lime_odyssey_server\Models\FileHandler\MapData.cs(310,7): warning CA1416: This call site is reachable on all platforms. 'Graphics.FillRectangle(Brush, Rectangle)' is only supported on: 'windows' 6.1 and later. (https://learn.microsoft.com/dotnet/fundamentals/code-analysis/quality-rules/ca1416) [F:\Lime Odyssey Online\kakia-lime-odyssey-server\kakia_lime_odyssey_server\kakia_lime_odyssey_server.csproj]
F:\Lime Odyssey Online\kakia-lime-odyssey-server\kakia_lime_odyssey_server\Models\WorldDataLoader.cs(117,22): error CS0266: Cannot implicitly convert type 'int' to 'uint'. An explicit conversion exists (are you missing a cast?) [F:\Lime Odyssey Online\kakia-lime-odyssey-server\kakia_lime_odyssey_server\kakia_lime_odyssey_server.csproj]
F:\Lime Odyssey Online\kakia-lime-odyssey-server\kakia_lime_odyssey_server\Network\PlayerClient.cs(237,64): error CS1503: Argument 2: cannot convert from 'byte[]' to 'string' [F:\Lime Odyssey Online\kakia-lime-odyssey-server\kakia_lime_odyssey_server\kakia_lime_odyssey_server.csproj]
F:\Lime Odyssey Online\kakia-lime-odyssey-server\kakia_lime_odyssey_server\PacketHandlers\Character\CS_REQUEST_PC_STATUS_Handler.cs(65,14): error CS0029: Cannot implicitly convert type 'kakia_lime_odyssey_packets.Packets.Models.SAVED_LIFE_JOB_STATUS' to 'kakia_lime_odyssey_packets.Packets.Models.LIFE_JOB_STATUS_' [F:\Lime Odyssey Online\kakia-lime-odyssey-server\kakia_lime_odyssey_server\kakia_lime_odyssey_server.csproj]
F:\Lime Odyssey Online\kakia-lime-odyssey-server\kakia_lime_odyssey_server\PacketHandlers\Character\CS_REQUEST_PC_STATUS_Handler.cs(66,16): error CS0029: Cannot implicitly convert type 'kakia_lime_odyssey_packets.Packets.Models.SAVED_COMBAT_JOB_STATUS' to 'kakia_lime_odyssey_packets.Packets.Models.COMBAT_JOB_STATUS_' [F:\Lime Odyssey Online\kakia-lime-odyssey-server\kakia_lime_odyssey_server\kakia_lime_odyssey_server.csproj]
F:\Lime Odyssey Online\kakia-lime-odyssey-server\kakia_lime_odyssey_server\PacketHandlers\Authentication\CS_DELETE_PC_Handler.cs(43,26): error CS0029: Cannot implicitly convert type 'byte[]' to 'string' [F:\Lime Odyssey Online\kakia-lime-odyssey-server\kakia_lime_odyssey_server\kakia_lime_odyssey_server.csproj]
F:\Lime Odyssey Online\kakia-lime-odyssey-server\kakia_lime_odyssey_server\Network\PlayerClient.cs(638,16): error CS0029: Cannot implicitly convert type 'string' to 'byte[]' [F:\Lime Odyssey Online\kakia-lime-odyssey-server\kakia_lime_odyssey_server\kakia_lime_odyssey_server.csproj]
F:\Lime Odyssey Online\kakia-lime-odyssey-server\kakia_lime_odyssey_server\PacketHandlers\Authentication\CS_RETURN_LOBBY_Handler.cs(35,5): error CS0023: Operator '.' cannot be applied to operand of type 'void' [F:\Lime Odyssey Online\kakia-lime-odyssey-server\kakia_lime_odyssey_server\kakia_lime_odyssey_server.csproj]
F:\Lime Odyssey Online\kakia-lime-odyssey-server\kakia_lime_odyssey_server\PacketHandlers\Social\CS_SAY_PC_Handler.cs(189,13): error CS0234: The type or namespace name 'Text' does not exist in the namespace 'kakia_lime_odyssey_server.PacketHandlers.System' (are you missing an assembly reference?) [F:\Lime Odyssey Online\kakia-lime-odyssey-server\kakia_lime_odyssey_server\kakia_lime_odyssey_server.csproj]
F:\Lime Odyssey Online\kakia-lime-odyssey-server\kakia_lime_odyssey_server\Services\Chatroom\ChatroomService.cs(347,25): error CS1061: 'PlayerClient' does not contain a definition for 'GetAccount' and no accessible extension method 'GetAccount' accepting a first argument of type 'PlayerClient' could be found (are you missing a using directive or an assembly reference?) [F:\Lime Odyssey Online\kakia-lime-odyssey-server\kakia_lime_odyssey_server\kakia_lime_odyssey_server.csproj]
F:\Lime Odyssey Online\kakia-lime-odyssey-server\kakia_lime_odyssey_server\PacketHandlers\Authentication\CS_LOGIN_Handler.cs(53,48): error CS1503: Argument 2: cannot convert from 'byte[]' to 'string' [F:\Lime Odyssey Online\kakia-lime-odyssey-server\kakia_lime_odyssey_server\kakia_lime_odyssey_server.csproj]
F:\Lime Odyssey Online\kakia-lime-odyssey-server\kakia_lime_odyssey_server\PacketHandlers\Combat\CS_USE_SKILL_SELF_Handler.cs(139,26): error CS0136: A local or parameter named 'entity' cannot be declared in this scope because that name is used in an enclosing local scope to define a local or parameter [F:\Lime Odyssey Online\kakia-lime-odyssey-server\kakia_lime_odyssey_server\kakia_lime_odyssey_server.csproj]
F:\Lime Odyssey Online\kakia-lime-odyssey-server\kakia_lime_odyssey_server\PacketHandlers\Combat\CS_USE_SKILL_POS_Handler.cs(65,5): error CS0117: 'SC_START_CASTING_SKILL_POS' does not contain a definition for 'toPos' [F:\Lime Odyssey Online\kakia-lime-odyssey-server\kakia_lime_odyssey_server\kakia_lime_odyssey_server.csproj]
F:\Lime Odyssey Online\kakia-lime-odyssey-server\kakia_lime_odyssey_server\Services\Combat\BuffService.cs(319,13): error CS1503: Argument 1: cannot convert from 'kakia_lime_odyssey_packets.Packets.Models.DEF' to 'kakia_lime_odyssey_packets.PacketHeader' [F:\Lime Odyssey Online\kakia-lime-odyssey-server\kakia_lime_odyssey_server\kakia_lime_odyssey_server.csproj]
F:\Lime Odyssey Online\kakia-lime-odyssey-server\kakia_lime_odyssey_server\PacketHandlers\Combat\CS_USE_SKILL_OBJ_Handler.cs(122,16): error CS0104: 'DamageHandler' is an ambiguous reference between 'kakia_lime_odyssey_server.Combat.DamageHandler' and 'kakia_lime_odyssey_server.Models.DamageHandler' [F:\Lime Odyssey Online\kakia-lime-odyssey-server\kakia_lime_odyssey_server\kakia_lime_odyssey_server.csproj]
F:\Lime Odyssey Online\kakia-lime-odyssey-server\kakia_lime_odyssey_server\PacketHandlers\Post\CS_REQUEST_DELETE_POST_Handler.cs(24,41): error CS1503: Argument 1: cannot convert from 'long' to 'kakia_lime_odyssey_server.Network.PlayerClient' [F:\Lime Odyssey Online\kakia-lime-odyssey-server\kakia_lime_odyssey_server\kakia_lime_odyssey_server.csproj]
F:\Lime Odyssey Online\kakia-lime-odyssey-server\kakia_lime_odyssey_server\Services\Quest\QuestService.cs(207,48): error CS1503: Argument 1: cannot convert from 'System.Collections.Generic.HashSet<int>' to 'System.Collections.Generic.List<int>' [F:\Lime Odyssey Online\kakia-lime-odyssey-server\kakia_lime_odyssey_server\kakia_lime_odyssey_server.csproj]
F:\Lime Odyssey Online\kakia-lime-odyssey-server\kakia_lime_odyssey_server\Services\Quest\QuestService.cs(208,47): error CS1503: Argument 1: cannot convert from 'System.Collections.Generic.HashSet<int>' to 'System.Collections.Generic.List<int>' [F:\Lime Odyssey Online\kakia-lime-odyssey-server\kakia_lime_odyssey_server\kakia_lime_odyssey_server.csproj]
F:\Lime Odyssey Online\kakia-lime-odyssey-server\kakia_lime_odyssey_server\Services\Quest\QuestService.cs(209,50): error CS1503: Argument 1: cannot convert from 'System.Collections.Generic.HashSet<int>' to 'System.Collections.Generic.List<int>' [F:\Lime Odyssey Online\kakia-lime-odyssey-server\kakia_lime_odyssey_server\kakia_lime_odyssey_server.csproj]
F:\Lime Odyssey Online\kakia-lime-odyssey-server\kakia_lime_odyssey_server\PacketHandlers\Party\CS_PARTY_SAY_PC_Handler.cs(26,26): error CS0103: The name 'pr' does not exist in the current context [F:\Lime Odyssey Online\kakia-lime-odyssey-server\kakia_lime_odyssey_server\kakia_lime_odyssey_server.csproj]
F:\Lime Odyssey Online\kakia-lime-odyssey-server\kakia_lime_odyssey_server\PacketHandlers\Combat\CS_USE_SKILL_ACTION_TARGET_Handler.cs(112,16): error CS0104: 'DamageHandler' is an ambiguous reference between 'kakia_lime_odyssey_server.Combat.DamageHandler' and 'kakia_lime_odyssey_server.Models.DamageHandler' [F:\Lime Odyssey Online\kakia-lime-odyssey-server\kakia_lime_odyssey_server\kakia_lime_odyssey_server.csproj]
F:\Lime Odyssey Online\kakia-lime-odyssey-server\kakia_lime_odyssey_server\PacketHandlers\CS_LOGIN_Handler.cs(32,52): error CS1503: Argument 2: cannot convert from 'byte[]' to 'string' [F:\Lime Odyssey Online\kakia-lime-odyssey-server\kakia_lime_odyssey_server\kakia_lime_odyssey_server.csproj]
F:\Lime Odyssey Online\kakia-lime-odyssey-server\kakia_lime_odyssey_server\Services\Post\PostService.cs(277,20): error CS0246: The type or namespace name 'PACKET_SC_POST' could not be found (are you missing a using directive or an assembly reference?) [F:\Lime Odyssey Online\kakia-lime-odyssey-server\kakia_lime_odyssey_server\kakia_lime_odyssey_server.csproj]
F:\Lime Odyssey Online\kakia-lime-odyssey-server\kakia_lime_odyssey_server\Services\Post\PostService.cs(297,15): error CS0266: Cannot implicitly convert type 'uint' to 'int'. An explicit conversion exists (are you missing a cast?) [F:\Lime Odyssey Online\kakia-lime-odyssey-server\kakia_lime_odyssey_server\kakia_lime_odyssey_server.csproj]
F:\Lime Odyssey Online\kakia-lime-odyssey-server\kakia_lime_odyssey_server\PacketHandlers\CS_SAY_PC_Handler.cs(167,3): error CS0118: 'NPC' is a namespace but is used like a type [F:\Lime Odyssey Online\kakia-lime-odyssey-server\kakia_lime_odyssey_server\kakia_lime_odyssey_server.csproj]
F:\Lime Odyssey Online\kakia-lime-odyssey-server\kakia_lime_odyssey_server\PacketHandlers\CS_SAY_PC_Handler.cs(226,22): error CS1503: Argument 1: cannot convert from 'kakia_lime_odyssey_server.Models.MonsterLogic.Monster' to 'kakia_lime_odyssey_contracts.Interfaces.INpc' [F:\Lime Odyssey Online\kakia-lime-odyssey-server\kakia_lime_odyssey_server\kakia_lime_odyssey_server.csproj]
F:\Lime Odyssey Online\kakia-lime-odyssey-server\kakia_lime_odyssey_server\Services\Guild\GuildService.cs(894,13): error CS1503: Argument 1: cannot convert from 'kakia_lime_odyssey_packets.Packets.Models.GUILD_MEMBER' to 'kakia_lime_odyssey_packets.PacketHeader' [F:\Lime Odyssey Online\kakia-lime-odyssey-server\kakia_lime_odyssey_server\kakia_lime_odyssey_server.csproj]
F:\Lime Odyssey Online\kakia-lime-odyssey-server\kakia_lime_odyssey_server\PacketHandlers\Guild\CS_GUILD_SAY_PC_Handler.cs(26,26): error CS0103: The name 'pr' does not exist in the current context [F:\Lime Odyssey Online\kakia-lime-odyssey-server\kakia_lime_odyssey_server\kakia_lime_odyssey_server.csproj]
F:\Lime Odyssey Online\kakia-lime-odyssey-server\kakia_lime_odyssey_server\PacketHandlers\Inventory\CS_SLOT_ITEM_INFO_Handler.cs(28,79): error CS1061: 'ITEM_SLOT' does not contain a definition for 'slotType' and no accessible extension method 'slotType' accepting a first argument of type 'ITEM_SLOT' could be found (are you missing a using directive or an assembly reference?) [F:\Lime Odyssey Online\kakia-lime-odyssey-server\kakia_lime_odyssey_server\kakia_lime_odyssey_server.csproj]
F:\Lime Odyssey Online\kakia-lime-odyssey-server\kakia_lime_odyssey_server\PacketHandlers\Inventory\CS_SLOT_ITEM_INFO_Handler.cs(28,108): error CS1061: 'ITEM_SLOT' does not contain a definition for 'slotIdx' and no accessible extension method 'slotIdx' accepting a first argument of type 'ITEM_SLOT' could be found (are you missing a using directive or an assembly reference?) [F:\Lime Odyssey Online\kakia-lime-odyssey-server\kakia_lime_odyssey_server\kakia_lime_odyssey_server.csproj]
F:\Lime Odyssey Online\kakia-lime-odyssey-server\kakia_lime_odyssey_server\PacketHandlers\Inventory\CS_SLOT_ITEM_INFO_Handler.cs(30,58): error CS1061: 'ITEM_SLOT' does not contain a definition for 'slotType' and no accessible extension method 'slotType' accepting a first argument of type 'ITEM_SLOT' could be found (are you missing a using directive or an assembly reference?) [F:\Lime Odyssey Online\kakia-lime-odyssey-server\kakia_lime_odyssey_server\kakia_lime_odyssey_server.csproj]
F:\Lime Odyssey Online\kakia-lime-odyssey-server\kakia_lime_odyssey_server\PacketHandlers\Inventory\CS_SLOT_ITEM_INFO_Handler.cs(30,80): error CS1061: 'ITEM_SLOT' does not contain a definition for 'slotIdx' and no accessible extension method 'slotIdx' accepting a first argument of type 'ITEM_SLOT' could be found (are you missing a using directive or an assembly reference?) [F:\Lime Odyssey Online\kakia-lime-odyssey-server\kakia_lime_odyssey_server\kakia_lime_odyssey_server.csproj]
F:\Lime Odyssey Online\kakia-lime-odyssey-server\kakia_lime_odyssey_server\PacketHandlers\Inventory\CS_EQUIP_ITEM_INFO_Handler.cs(40,24): error CS1501: No overload for method 'GetEquipped' takes 1 arguments [F:\Lime Odyssey Online\kakia-lime-odyssey-server\kakia_lime_odyssey_server\kakia_lime_odyssey_server.csproj]
F:\Lime Odyssey Online\kakia-lime-odyssey-server\kakia_lime_odyssey_server\PacketHandlers\Inventory\CS_ITEM_REPAIR_REQUEST_Handler.cs(41,21): error CS1501: No overload for method 'GetEquipped' takes 1 arguments [F:\Lime Odyssey Online\kakia-lime-odyssey-server\kakia_lime_odyssey_server\kakia_lime_odyssey_server.csproj]
F:\Lime Odyssey Online\kakia-lime-odyssey-server\kakia_lime_odyssey_server\PacketHandlers\Inventory\CS_ITEM_REPAIR_PRICE_Handler.cs(44,21): error CS1501: No overload for method 'GetEquipped' takes 1 arguments [F:\Lime Odyssey Online\kakia-lime-odyssey-server\kakia_lime_odyssey_server\kakia_lime_odyssey_server.csproj]
F:\Lime Odyssey Online\kakia-lime-odyssey-server\kakia_lime_odyssey_server\Services\Party\PartyService.cs(705,13): error CS1503: Argument 1: cannot convert from 'kakia_lime_odyssey_packets.Packets.Models.PARTY_MEMBER' to 'kakia_lime_odyssey_packets.PacketHeader' [F:\Lime Odyssey Online\kakia-lime-odyssey-server\kakia_lime_odyssey_server\kakia_lime_odyssey_server.csproj]
F:\Lime Odyssey Online\kakia-lime-odyssey-server\kakia_lime_odyssey_server\Services\Party\PartyService.cs(851,4): error CS0117: 'SC_PARTY_MEMBER_LOOTED_ITEM' does not contain a definition for 'typeID' [F:\Lime Odyssey Online\kakia-lime-odyssey-server\kakia_lime_odyssey_server\kakia_lime_odyssey_server.csproj]
F:\Lime Odyssey Online\kakia-lime-odyssey-server\kakia_lime_odyssey_server\Services\Party\PartyService.cs(874,4): error CS0117: 'SC_PARTY_MEMBER_DEL_DEF' does not contain a definition for 'defInstID' [F:\Lime Odyssey Online\kakia-lime-odyssey-server\kakia_lime_odyssey_server\kakia_lime_odyssey_server.csproj]
F:\Lime Odyssey Online\kakia-lime-odyssey-server\kakia_lime_odyssey_server\Models\MonsterLogic\Monster.cs(480,16): error CS0266: Cannot implicitly convert type 'ulong' to 'int'. An explicit conversion exists (are you missing a cast?) [F:\Lime Odyssey Online\kakia-lime-odyssey-server\kakia_lime_odyssey_server\kakia_lime_odyssey_server.csproj]
    39 Warning(s)
    38 Error(s)

Time Elapsed 00:00:09.19
